// 重构日志: dea0873f
// 重构日志: 7ce2b533
// 重构日志: 4537cb24
// 重构日志: f967d88b
// 同步 ID: 41e429f6 @ Mon Jul 20 17:22:41 UTC 2026
// 重构日志: dcf996bc
// 重构日志: 22f80b31
// 重构日志: 56f59ebb
// 同步 ID: 12690fb1 @ Fri Jul 24 16:09:34 UTC 2026
// 重构日志: 2d598257
// 重构日志: e76de8ff
// 重构日志: fbad3e1f
// 重构日志: 74e80f32
// 同步 ID: f8c990f5 @ Thu Jul 30 10:55:28 UTC 2026
// 重构日志: 007b5b72
// 同步 ID: a6c15360 @ Sun Aug  2 01:11:09 UTC 2026
// 重构日志: 225d0c5c
// 重构日志: b2010417
// 同步 ID: b4c2d99a @ Thu Aug  6 00:46:54 UTC 2026
// 重构日志: f1e3e295
